// Jest Snapshot v1, https://goo.gl/fbAQLP

exports[`HomePage should render successfully 1`] = `<MapComponent />`;
