// Jest Snapshot v1, https://goo.gl/fbAQLP

exports[`Map should render successfully 1`] = `
<div
  className="map-container"
/>
`;
