// Jest Snapshot v1, https://goo.gl/fbAQLP

exports[`MapComponent should render successfully 1`] = `
<div
  className="map-container"
  style={
    Object {
      "height": 0,
      "visibility": "hidden",
    }
  }
/>
`;
