// Jest Snapshot v1, https://goo.gl/fbAQLP

exports[`App should render successfully 1`] = `
<div
  className="App"
>
  <HomePage />
</div>
`;
