// Jest Snapshot v1, https://goo.gl/fbAQLP

exports[`WriteReviewPage should render successfully 1`] = `
Array [
  <style
    dangerouslySetInnerHTML={
      Object {
        "__html": ".css-xdmu94-MuiContainer-root{width:100%;margin-left:auto;box-sizing:border-box;margin-right:auto;display:block;padding-left:16px;padding-right:16px;}@media (min-width:600px){.css-xdmu94-MuiContainer-root{padding-left:24px;padding-right:24px;}}@media (min-width:900px){.css-xdmu94-MuiContainer-root{max-width:900px;}}",
      }
    }
    data-emotion="css xdmu94-MuiContainer-root"
  />,
  <div
    className="MuiContainer-root MuiContainer-maxWidthMd css-xdmu94-MuiContainer-root"
    id="write-review-page-container"
  >
    <div
      id="write-review-page-inner"
    >
      <a
        href="/loc/1111"
        onClick={[Function]}
        style={
          Object {
            "color": "#000",
            "textDecoration": "none",
          }
        }
      >
        <h1
          style={
            Object {
              "fontSize": "2em",
            }
          }
        />
      </a>
      <p>
        All reviews are subject to moderation.
      </p>
      <form>
        <ul>
          <li
            style={
              Object {
                "marginBottom": "3em",
              }
            }
          >
            <textarea
              name="body"
              placeholder="Write a review."
            />
          </li>
          <li>
            <h3
              style={
                Object {
                  "fontSize": "1.3em",
                }
              }
            >
              Attach Photos
            </h3>
            <div
              id="write-review-photos-section"
            >
              <div
                style={
                  Object {
                    "width": "100%",
                  }
                }
              >
                <div
                  id="write-review-add-photos-container"
                  style={Object {}}
                >
                  <style
                    dangerouslySetInnerHTML={
                      Object {
                        "__html": ".css-18xo0gl-MuiSvgIcon-root{-webkit-user-select:none;-moz-user-select:none;-ms-user-select:none;user-select:none;width:1em;height:1em;display:inline-block;fill:currentColor;-webkit-flex-shrink:0;-ms-flex-negative:0;flex-shrink:0;-webkit-transition:fill 200ms cubic-bezier(0.4, 0, 0.2, 1) 0ms;transition:fill 200ms cubic-bezier(0.4, 0, 0.2, 1) 0ms;font-size:1.5rem;margin:1.5em 0;width:1.2em;height:1.2em;}",
                      }
                    }
                    data-emotion="css 18xo0gl-MuiSvgIcon-root"
                  />
                  <svg
                    aria-hidden={true}
                    className="MuiSvgIcon-root MuiSvgIcon-fontSizeMedium css-18xo0gl-MuiSvgIcon-root"
                    data-testid="UploadFileIcon"
                    focusable="false"
                    viewBox="0 0 24 24"
                  >
                    <path
                      d="M14 2H6c-1.1 0-1.99.9-1.99 2L4 20c0 1.1.89 2 1.99 2H18c1.1 0 2-.9 2-2V8l-6-6zm4 18H6V4h7v5h5v11zM8 15.01l1.41 1.41L11 14.84V19h2v-4.16l1.59 1.59L16 15.01 12.01 11z"
                    />
                  </svg>
                  <input
                    accept=".png, .jpg, .jpeg"
                    id="write-review-add-photos"
                    multiple={true}
                    onChange={[Function]}
                    type="file"
                  />
                </div>
              </div>
            </div>
          </li>
        </ul>
        <div
          style={
            Object {
              "marginTop": "2em",
            }
          }
        >
          <style
            dangerouslySetInnerHTML={
              Object {
                "__html": ".css-1diear7-MuiButton-root{font-family:\\"Roboto\\",\\"Helvetica\\",\\"Arial\\",sans-serif;font-weight:500;font-size:0.875rem;line-height:1.75;letter-spacing:0.02857em;text-transform:uppercase;min-width:64px;padding:6px 16px;border-radius:4px;-webkit-transition:background-color 250ms cubic-bezier(0.4, 0, 0.2, 1) 0ms,box-shadow 250ms cubic-bezier(0.4, 0, 0.2, 1) 0ms,border-color 250ms cubic-bezier(0.4, 0, 0.2, 1) 0ms,color 250ms cubic-bezier(0.4, 0, 0.2, 1) 0ms;transition:background-color 250ms cubic-bezier(0.4, 0, 0.2, 1) 0ms,box-shadow 250ms cubic-bezier(0.4, 0, 0.2, 1) 0ms,border-color 250ms cubic-bezier(0.4, 0, 0.2, 1) 0ms,color 250ms cubic-bezier(0.4, 0, 0.2, 1) 0ms;color:#fff;background-color:#1976d2;box-shadow:0px 3px 1px -2px rgba(0,0,0,0.2),0px 2px 2px 0px rgba(0,0,0,0.14),0px 1px 5px 0px rgba(0,0,0,0.12);box-shadow:none;}.css-1diear7-MuiButton-root:hover{-webkit-text-decoration:none;text-decoration:none;background-color:#1565c0;box-shadow:0px 2px 4px -1px rgba(0,0,0,0.2),0px 4px 5px 0px rgba(0,0,0,0.14),0px 1px 10px 0px rgba(0,0,0,0.12);}@media (hover: none){.css-1diear7-MuiButton-root:hover{background-color:#1976d2;}}.css-1diear7-MuiButton-root:active{box-shadow:0px 5px 5px -3px rgba(0,0,0,0.2),0px 8px 10px 1px rgba(0,0,0,0.14),0px 3px 14px 2px rgba(0,0,0,0.12);}.css-1diear7-MuiButton-root.Mui-focusVisible{box-shadow:0px 3px 5px -1px rgba(0,0,0,0.2),0px 6px 10px 0px rgba(0,0,0,0.14),0px 1px 18px 0px rgba(0,0,0,0.12);}.css-1diear7-MuiButton-root.Mui-disabled{color:rgba(0, 0, 0, 0.26);box-shadow:none;background-color:rgba(0, 0, 0, 0.12);}.css-1diear7-MuiButton-root:hover{box-shadow:none;}.css-1diear7-MuiButton-root.Mui-focusVisible{box-shadow:none;}.css-1diear7-MuiButton-root:active{box-shadow:none;}.css-1diear7-MuiButton-root.Mui-disabled{box-shadow:none;}",
              }
            }
            data-emotion="css 1diear7-MuiButton-root"
          />
          <style
            dangerouslySetInnerHTML={
              Object {
                "__html": ".css-zddlty-MuiButtonBase-root-MuiButton-root{display:-webkit-inline-box;display:-webkit-inline-flex;display:-ms-inline-flexbox;display:inline-flex;-webkit-align-items:center;-webkit-box-align:center;-ms-flex-align:center;align-items:center;-webkit-box-pack:center;-ms-flex-pack:center;-webkit-justify-content:center;justify-content:center;position:relative;box-sizing:border-box;-webkit-tap-highlight-color:transparent;background-color:transparent;outline:0;border:0;margin:0;border-radius:0;padding:0;cursor:pointer;-webkit-user-select:none;-moz-user-select:none;-ms-user-select:none;user-select:none;vertical-align:middle;-moz-appearance:none;-webkit-appearance:none;-webkit-text-decoration:none;text-decoration:none;color:inherit;font-family:\\"Roboto\\",\\"Helvetica\\",\\"Arial\\",sans-serif;font-weight:500;font-size:0.875rem;line-height:1.75;letter-spacing:0.02857em;text-transform:uppercase;min-width:64px;padding:6px 16px;border-radius:4px;-webkit-transition:background-color 250ms cubic-bezier(0.4, 0, 0.2, 1) 0ms,box-shadow 250ms cubic-bezier(0.4, 0, 0.2, 1) 0ms,border-color 250ms cubic-bezier(0.4, 0, 0.2, 1) 0ms,color 250ms cubic-bezier(0.4, 0, 0.2, 1) 0ms;transition:background-color 250ms cubic-bezier(0.4, 0, 0.2, 1) 0ms,box-shadow 250ms cubic-bezier(0.4, 0, 0.2, 1) 0ms,border-color 250ms cubic-bezier(0.4, 0, 0.2, 1) 0ms,color 250ms cubic-bezier(0.4, 0, 0.2, 1) 0ms;color:#fff;background-color:#1976d2;box-shadow:0px 3px 1px -2px rgba(0,0,0,0.2),0px 2px 2px 0px rgba(0,0,0,0.14),0px 1px 5px 0px rgba(0,0,0,0.12);box-shadow:none;}.css-zddlty-MuiButtonBase-root-MuiButton-root::-moz-focus-inner{border-style:none;}.css-zddlty-MuiButtonBase-root-MuiButton-root.Mui-disabled{pointer-events:none;cursor:default;}@media print{.css-zddlty-MuiButtonBase-root-MuiButton-root{-webkit-print-color-adjust:exact;color-adjust:exact;}}.css-zddlty-MuiButtonBase-root-MuiButton-root:hover{-webkit-text-decoration:none;text-decoration:none;background-color:#1565c0;box-shadow:0px 2px 4px -1px rgba(0,0,0,0.2),0px 4px 5px 0px rgba(0,0,0,0.14),0px 1px 10px 0px rgba(0,0,0,0.12);}@media (hover: none){.css-zddlty-MuiButtonBase-root-MuiButton-root:hover{background-color:#1976d2;}}.css-zddlty-MuiButtonBase-root-MuiButton-root:active{box-shadow:0px 5px 5px -3px rgba(0,0,0,0.2),0px 8px 10px 1px rgba(0,0,0,0.14),0px 3px 14px 2px rgba(0,0,0,0.12);}.css-zddlty-MuiButtonBase-root-MuiButton-root.Mui-focusVisible{box-shadow:0px 3px 5px -1px rgba(0,0,0,0.2),0px 6px 10px 0px rgba(0,0,0,0.14),0px 1px 18px 0px rgba(0,0,0,0.12);}.css-zddlty-MuiButtonBase-root-MuiButton-root.Mui-disabled{color:rgba(0, 0, 0, 0.26);box-shadow:none;background-color:rgba(0, 0, 0, 0.12);}.css-zddlty-MuiButtonBase-root-MuiButton-root:hover{box-shadow:none;}.css-zddlty-MuiButtonBase-root-MuiButton-root.Mui-focusVisible{box-shadow:none;}.css-zddlty-MuiButtonBase-root-MuiButton-root:active{box-shadow:none;}.css-zddlty-MuiButtonBase-root-MuiButton-root.Mui-disabled{box-shadow:none;}",
              }
            }
            data-emotion="css zddlty-MuiButtonBase-root-MuiButton-root"
          />
          <button
            className="MuiButton-root MuiButton-contained MuiButton-containedPrimary MuiButton-sizeMedium MuiButton-containedSizeMedium MuiButton-disableElevation MuiButtonBase-root css-zddlty-MuiButtonBase-root-MuiButton-root"
            disabled={false}
            id="write-review-submit-button"
            onBlur={[Function]}
            onClick={[Function]}
            onContextMenu={[Function]}
            onDragLeave={[Function]}
            onFocus={[Function]}
            onKeyDown={[Function]}
            onKeyUp={[Function]}
            onMouseDown={[Function]}
            onMouseLeave={[Function]}
            onMouseUp={[Function]}
            onTouchEnd={[Function]}
            onTouchMove={[Function]}
            onTouchStart={[Function]}
            tabIndex={0}
            type="button"
          >
            Post Review
          </button>
          <a
            href="/loc/1111"
            id="write-review-cancel-link"
            onClick={[Function]}
          >
            Cancel
          </a>
        </div>
      </form>
    </div>
  </div>,
]
`;
