// Jest Snapshot v1, https://goo.gl/fbAQLP

exports[`WriteReviewPage should render successfully 1`] = `null`;
