// Jest Snapshot v1, https://goo.gl/fbAQLP

exports[`ModerationPage should render successfully 1`] = `
<div
  className="moderation-page-container align-text-left"
>
  <style
    dangerouslySetInnerHTML={
      Object {
        "__html": ".css-1oqqzyl-MuiContainer-root{width:100%;margin-left:auto;box-sizing:border-box;margin-right:auto;display:block;padding-left:16px;padding-right:16px;}@media (min-width:600px){.css-1oqqzyl-MuiContainer-root{padding-left:24px;padding-right:24px;}}@media (min-width:1200px){.css-1oqqzyl-MuiContainer-root{max-width:1200px;}}",
      }
    }
    data-emotion="css 1oqqzyl-MuiContainer-root"
  />
  <div
    className="MuiContainer-root MuiContainer-maxWidthLg css-1oqqzyl-MuiContainer-root"
  >
    <div
      className="header-text"
    >
      Moderation
    </div>
    <style
      dangerouslySetInnerHTML={
        Object {
          "__html": ".css-11lq3yg-MuiGrid-root{box-sizing:border-box;display:-webkit-box;display:-webkit-flex;display:-ms-flexbox;display:flex;-webkit-box-flex-wrap:wrap;-webkit-flex-wrap:wrap;-ms-flex-wrap:wrap;flex-wrap:wrap;width:100%;-webkit-flex-direction:row;-ms-flex-direction:row;flex-direction:row;}",
        }
      }
      data-emotion="css 11lq3yg-MuiGrid-root"
    />
    <div
      className="MuiGrid-root MuiGrid-container MuiGrid-spacing-xs-undefined css-11lq3yg-MuiGrid-root"
    >
      <style
        dangerouslySetInnerHTML={
          Object {
            "__html": ".css-1em9ut6-MuiGrid-root{box-sizing:border-box;margin:0;-webkit-flex-direction:row;-ms-flex-direction:row;flex-direction:row;-webkit-flex-basis:100%;-ms-flex-preferred-size:100%;flex-basis:100%;-webkit-box-flex:0;-webkit-flex-grow:0;-ms-flex-positive:0;flex-grow:0;max-width:100%;}",
          }
        }
        data-emotion="css 1em9ut6-MuiGrid-root"
      />
      <div
        className="MuiGrid-root MuiGrid-item MuiGrid-grid-xs-12 css-1em9ut6-MuiGrid-root"
      >
        <div
          className="profile-icon-container"
        >
          <style
            dangerouslySetInnerHTML={
              Object {
                "__html": ".css-2s90m6-MuiAvatar-root{position:relative;display:-webkit-box;display:-webkit-flex;display:-ms-flexbox;display:flex;-webkit-align-items:center;-webkit-box-align:center;-ms-flex-align:center;align-items:center;-webkit-box-pack:center;-ms-flex-pack:center;-webkit-justify-content:center;justify-content:center;-webkit-flex-shrink:0;-ms-flex-negative:0;flex-shrink:0;width:40px;height:40px;font-family:\\"Roboto\\",\\"Helvetica\\",\\"Arial\\",sans-serif;font-size:1.25rem;line-height:1;border-radius:50%;overflow:hidden;-webkit-user-select:none;-moz-user-select:none;-ms-user-select:none;user-select:none;color:#fff;background-color:#bdbdbd;}",
              }
            }
            data-emotion="css 2s90m6-MuiAvatar-root"
          />
          <div
            className="MuiAvatar-root MuiAvatar-circular MuiAvatar-colorDefault css-2s90m6-MuiAvatar-root"
            id="profile-greeting-icon"
          >
            <style
              dangerouslySetInnerHTML={
                Object {
                  "__html": ".css-1i6ghfn-MuiAvatar-fallback{width:75%;height:75%;}",
                }
              }
              data-emotion="css 1i6ghfn-MuiAvatar-fallback"
            />
            <style
              dangerouslySetInnerHTML={
                Object {
                  "__html": ".css-10mi8st-MuiSvgIcon-root-MuiAvatar-fallback{-webkit-user-select:none;-moz-user-select:none;-ms-user-select:none;user-select:none;width:1em;height:1em;display:inline-block;fill:currentColor;-webkit-flex-shrink:0;-ms-flex-negative:0;flex-shrink:0;-webkit-transition:fill 200ms cubic-bezier(0.4, 0, 0.2, 1) 0ms;transition:fill 200ms cubic-bezier(0.4, 0, 0.2, 1) 0ms;font-size:1.5rem;width:75%;height:75%;}",
                }
              }
              data-emotion="css 10mi8st-MuiSvgIcon-root-MuiAvatar-fallback"
            />
            <svg
              aria-hidden={true}
              className="MuiSvgIcon-root MuiSvgIcon-fontSizeMedium MuiAvatar-fallback css-10mi8st-MuiSvgIcon-root-MuiAvatar-fallback"
              data-testid="PersonIcon"
              focusable="false"
              viewBox="0 0 24 24"
            >
              <path
                d="M12 12c2.21 0 4-1.79 4-4s-1.79-4-4-4-4 1.79-4 4 1.79 4 4 4zm0 2c-2.67 0-8 1.34-8 4v2h16v-2c0-2.66-5.33-4-8-4z"
              />
            </svg>
          </div>
          <div
            className="profile-greeting-text"
          >
            You do not have permission to view this page.
          </div>
        </div>
      </div>
    </div>
  </div>
</div>
`;
